// Jest Snapshot v1, https://goo.gl/fbAQLP

exports[`SearchWithSuggestions should render Bigbom as a child 1`] = `
<SearchWithSuggestions
  className=""
  data={
    Array [
      Object {
        "items": Array [
          "Bibox Token",
          "Bigbom",
          "Binance Coin",
          "BioCoin",
          "BitBay",
          "bitcoin",
        ],
        "predicate": [Function],
        "suggestionContent": [Function],
        "title": "Assets",
      },
    ]
  }
  debounceTime={200}
  defaultValue=""
  dontResetStateAfterSelection={false}
  inputProps={Object {}}
  maxSuggestions={5}
  onSuggestionSelect={[Function]}
  onSuggestionsUpdate={[Function]}
  suggestionsProps={Object {}}
  value=""
  withMoreSuggestions={true}
>
  <div
    className="wrapper"
  >
    <Search
      onChange={[Function]}
      onFocus={[Function]}
      value="Big"
    >
      <InputWithIcon
        className=""
        icon="search-small"
        iconClassName="icon"
        inputClassName=""
        onChange={[Function]}
        onFocus={[Function]}
        placeholder="Type to search..."
        value="Big"
      >
        <div
          className=" wrapper"
        >
          <Input
            className=" input undefined"
            onChange={[Function]}
            onFocus={[Function]}
            placeholder="Type to search..."
            value="Big"
          >
            <input
              className="input    input undefined"
              onChange={[Function]}
              onFocus={[Function]}
              placeholder="Type to search..."
              type="text"
              value="Big"
            />
          </Input>
        </div>
      </InputWithIcon>
    </Search>
  </div>
</SearchWithSuggestions>
`;

exports[`SearchWithSuggestions should render correctly 1`] = `
<div
  className="wrapper"
>
  <Search
    onChange={[Function]}
    onFocus={[Function]}
    value=""
  />
</div>
`;
