// Jest Snapshot v1, https://goo.gl/fbAQLP

exports[`SearchWithSuggestions should render Bigbom as a child 1`] = `
<SearchWithSuggestions
  className=""
  data={
    Array [
      Object {
        "items": Array [
          "Bibox Token",
          "Bigbom",
          "Binance Coin",
          "BioCoin",
          "BitBay",
          "bitcoin",
        ],
        "predicate": [Function],
        "suggestionContent": [Function],
        "title": "Assets",
      },
    ]
  }
  debounceTime={200}
  defaultValue=""
  dontResetStateAfterSelection={false}
  inputProps={Object {}}
  maxSuggestions={5}
  onSuggestionSelect={[Function]}
  onSuggestionsUpdate={[Function]}
  suggestionsProps={Object {}}
  value=""
  withMoreSuggestions={true}
>
  <Search
    className=""
    icon="search-small"
    onChange={[Function]}
    onFocus={[Function]}
    wrapperRef={
      Object {
        "current": <div
          class="wrapper wrapper"
        >
          <input
            class="input input input left"
            placeholder="Type to search..."
            type="text"
            value="Big"
          />
          <svg />
          <svg />
        </div>,
      }
    }
  >
    <InputWithIcon
      className="wrapper"
      icon="search-small"
      iconClassName="icon"
      iconPosition="left"
      inputClassName="input"
      onChange={[Function]}
      onFocus={[Function]}
      placeholder="Type to search..."
      value="Big"
      wrapperRef={
        Object {
          "current": <div
            class="wrapper wrapper"
          >
            <input
              class="input input input left"
              placeholder="Type to search..."
              type="text"
              value="Big"
            />
            <svg />
            <svg />
          </div>,
        }
      }
    >
      <div
        className="wrapper wrapper"
      >
        <Input
          className="input input left"
          onChange={[Function]}
          onFocus={[Function]}
          placeholder="Type to search..."
          value="Big"
        >
          <input
            className="input input input left"
            onChange={[Function]}
            onFocus={[Function]}
            placeholder="Type to search..."
            type="text"
            value="Big"
          />
        </Input>
        <Component
          className="icon icon left"
          type="search-small"
        >
          <svg />
        </Component>
        <Component
          className="clear"
          onClick={[Function]}
          type="close-small"
        >
          <svg />
        </Component>
      </div>
    </InputWithIcon>
  </Search>
</SearchWithSuggestions>
`;

exports[`SearchWithSuggestions should render correctly 1`] = `
<Search
  className=""
  icon="search-small"
  onChange={[Function]}
  onFocus={[Function]}
  wrapperRef={
    Object {
      "current": null,
    }
  }
/>
`;